
There are no discarded input sections

Memory Configuration

Name             Origin             Length             Attributes
FLASH            0x08000000         0x00080000         xr
RAM              0x20000000         0x0001c000         xrw
*default*        0x00000000         0xffffffff

Linker script and memory map

LOAD build/main.o
LOAD build/startup.o
LOAD build/systick.o
LOAD build/gpio.o
LOAD build/pwmTIM.o
LOAD build/pwmGPIO.o
LOAD build/stm32f4xx_rcc.o
LOAD build/stm32f4xx_gpio.o
LOAD build/stm32f4xx_tim.o

.vector_table   0x08000000      0x1c4
                0x08000000                        . = ALIGN (0x4)
 *(.vector_table)
 .vector_table  0x08000000      0x1c4 build/startup.o
                0x08000000                __vector_table
                0x080001c4                        . = ALIGN (0x4)

.text           0x080001c4     0x7c70
                0x080001c4                        . = ALIGN (0x4)
 *(.text)
 .text          0x080001c4       0x24 build/main.o
                0x080001c4                main
                0x080001dc                assert_failed
 .text          0x080001e8       0x8c build/startup.o
                0x080001e8                reset_handler
                0x0800026c                EXTI15_10_handler
                0x0800026c                DMA1_Stream7_handler
                0x0800026c                USART1_handler
                0x0800026c                TIM1_UP_TIM10_handler
                0x0800026c                OTG_HS_handler
                0x0800026c                pend_SV_handler
                0x0800026c                EXTI0_handler
                0x0800026c                DMA1_Stream1_handler
                0x0800026c                TIM8_BRK_TIM12_handler
                0x0800026c                TIM6_DAC_handler
                0x0800026c                CAN1_RX1_handler
                0x0800026c                SDIO_handler
                0x0800026c                NMI_handler
                0x0800026c                DMA2_Stream3_handler
                0x0800026c                FMPI2C1_handler
                0x0800026c                TIM8_TRG_COM_TIM14_handler
                0x0800026c                OTG_HS_WKUP_handler
                0x0800026c                TIM2_handler
                0x0800026c                USART2_handler
                0x0800026c                usage_fault_handler
                0x0800026c                OTG_HS_EP1_IN_handler
                0x0800026c                SPI3_handler
                0x0800026c                TIM3_handler
                0x0800026c                SAI2_handler
                0x0800026c                WWDG_handler
                0x0800026c                default_handler
                0x0800026c                SPI2_handler
                0x0800026c                DMA2_Stream6_handler
                0x0800026c                SAI1_handler
                0x0800026c                UART4_handler
                0x0800026c                TIM8_UP_TIM13_handler
                0x0800026c                I2C3_ER_handler
                0x0800026c                DMA1_Stream3_handler
                0x0800026c                PVD_handler
                0x0800026c                EXTI9_5_handler
                0x0800026c                SPI4_handler
                0x0800026c                RTC_WKUP_handler
                0x0800026c                SPDIF_RX_handler
                0x0800026c                DMA1_Stream5_handler
                0x0800026c                FPU_handler
                0x0800026c                DMA2_Stream5_handler
                0x0800026c                UART5_handler
                0x0800026c                HDMI_CEC_handler
                0x0800026c                hard_fault_handler
                0x0800026c                RCC_handler
                0x0800026c                TIM8_CC_handler
                0x0800026c                FMPI2C1_error_handler
                0x0800026c                EXTI2_handler
                0x0800026c                SVC_handler
                0x0800026c                DMA2_Stream1_handler
                0x0800026c                TIM7_handler
                0x0800026c                I2C1_ER_handler
                0x0800026c                I2C2_EV_handler
                0x0800026c                OTG_FS_WKUP_handler
                0x0800026c                DCMI_handler
                0x0800026c                debug_monitor_handler
                0x0800026c                EXTI3_handler
                0x0800026c                DMA2_Stream0_handler
                0x0800026c                FLASH_handler
                0x0800026c                OTG_HS_EP1_OUT_handler
                0x0800026c                OTG_FS_handler
                0x0800026c                DMA1_Stream4_handler
                0x0800026c                I2C2_ER_handler
                0x0800026c                sys_tick_handler
                0x0800026c                TAMP_STAMP_handler
                0x0800026c                USART6_handler
                0x0800026c                TIM4_handler
                0x0800026c                DMA1_Stream2_handler
                0x0800026c                EXTI4_handler
                0x0800026c                CAN1_TX_handler
                0x0800026c                mem_manage_handler
                0x0800026c                CAN2_RX0_handler
                0x0800026c                DMA1_Stream6_handler
                0x0800026c                CAN2_TX_handler
                0x0800026c                CAN2_SCE_handler
                0x0800026c                ADC_handler
                0x0800026c                I2C1_EV_handler
                0x0800026c                CAN1_RX0_handler
                0x0800026c                TMI1_BRK_TIM9_handler
                0x0800026c                SPI1_handler
                0x0800026c                DMA2_Stream4_handler
                0x0800026c                FMC_handler
                0x0800026c                DMA2_Stream7_handler
                0x0800026c                QuadSPI_handler
                0x0800026c                DMA1_Stream0_handler
                0x0800026c                DMA2_Stream2_handler
                0x0800026c                EXTI1_handler
                0x0800026c                TIM1_TRG_COM_TIM11_handler
                0x0800026c                TIM5_handler
                0x0800026c                CAN1_SCE_handler
                0x0800026c                RTC_alarm_handler
                0x0800026c                I2C3_EV_handler
                0x0800026c                bus_fault_handler
                0x0800026c                CAN2_RX1_handler
                0x0800026c                TIM1_CC_handler
                0x0800026c                USART3_handler
 .text          0x08000274       0x60 build/systick.o
                0x08000274                systickMsDelay
 .text          0x080002d4       0xa0 build/gpio.o
                0x080002d4                rccInit
                0x08000300                moderInit
                0x08000328                ledInit
                0x08000338                ledToggle
                0x08000354                ledRead
 .text          0x08000374      0x134 build/pwmTIM.o
                0x08000374                tim_setupEZ
                0x08000408                range
                0x0800043e                tempToDuty
                0x08000462                timSetDutyCycleTemp
 .text          0x080004a8       0x38 build/pwmGPIO.o
                0x080004a8                pwm_setupEZ
 .text          0x080004e0     0x19fc build/stm32f4xx_rcc.o
                0x080004e0                RCC_DeInit
                0x08000550                RCC_HSEConfig
                0x08000594                RCC_WaitForHSEStartUp
                0x080005e4                RCC_AdjustHSICalibrationValue
                0x08000630                RCC_HSICmd
                0x08000668                RCC_LSEConfig
                0x080006c8                RCC_LSICmd
                0x08000700                RCC_PLLConfig
                0x080007d4                RCC_PLLCmd
                0x0800080c                RCC_PLLI2SConfig
                0x080008cc                RCC_PLLI2SCmd
                0x08000904                RCC_PLLSAIConfig
                0x080009a0                RCC_PLLSAICmd
                0x080009d8                RCC_ClockSecuritySystemCmd
                0x08000a10                RCC_MCO1Config
                0x08000aa8                RCC_MCO2Config
                0x08000b40                RCC_SYSCLKConfig
                0x08000b9c                RCC_GetSYSCLKSource
                0x08000bb8                RCC_HCLKConfig
                0x08000c30                RCC_PCLK1Config
                0x08000c98                RCC_PCLK2Config
                0x08000d04                RCC_GetClocksFreq
                0x08000edc                RCC_RTCCLKConfig
                0x080010bc                RCC_RTCCLKCmd
                0x080010f4                RCC_BackupResetCmd
                0x0800112c                RCC_I2SCLKConfig
                0x080011d0                RCC_SAICLKConfig
                0x08001274                RCC_SAIPLLI2SClkDivConfig
                0x080012c8                RCC_SAIPLLSAIClkDivConfig
                0x08001320                RCC_LTDCCLKDivConfig
                0x08001384                RCC_TIMCLKPresConfig
                0x080013b8                RCC_AHB1PeriphClockCmd
                0x0800142c                RCC_AHB2PeriphClockCmd
                0x0800149c                RCC_AHB3PeriphClockCmd
                0x08001508                RCC_APB1PeriphClockCmd
                0x08001578                RCC_APB2PeriphClockCmd
                0x080015ec                RCC_AHB1PeriphResetCmd
                0x08001660                RCC_AHB2PeriphResetCmd
                0x080016d0                RCC_AHB3PeriphResetCmd
                0x0800173c                RCC_APB1PeriphResetCmd
                0x080017ac                RCC_APB2PeriphResetCmd
                0x08001820                RCC_AHB1PeriphClockLPModeCmd
                0x08001894                RCC_AHB2PeriphClockLPModeCmd
                0x08001904                RCC_AHB3PeriphClockLPModeCmd
                0x08001970                RCC_APB1PeriphClockLPModeCmd
                0x080019e0                RCC_APB2PeriphClockLPModeCmd
                0x08001a54                RCC_LSEModeConfig
                0x08001aa4                RCC_48MHzClockSourceConfig
                0x08001afc                RCC_SDIOClockSourceConfig
                0x08001b54                RCC_AHB1ClockGatingCmd
                0x08001bc8                RCC_SPDIFRXClockSourceConfig
                0x08001c20                RCC_CECClockSourceConfig
                0x08001c78                RCC_FMPI2C1ClockSourceConfig
                0x08001cd0                RCC_ITConfig
                0x08001d4c                RCC_GetFlagStatus
                0x08001e20                RCC_ClearFlag
                0x08001e3c                RCC_GetITStatus
                0x08001eac                RCC_ClearITPendingBit
 .text          0x08001edc      0xec0 build/stm32f4xx_gpio.o
                0x08001edc                GPIO_DeInit
                0x080020a4                GPIO_Init
                0x080022ec                GPIO_StructInit
                0x0800231e                GPIO_PinLockConfig
                0x08002400                GPIO_ReadInputDataBit
                0x0800253c                GPIO_ReadInputData
                0x080025e4                GPIO_ReadOutputDataBit
                0x08002720                GPIO_ReadOutputData
                0x080027c8                GPIO_SetBits
                0x08002884                GPIO_ResetBits
                0x08002944                GPIO_WriteBit
                0x08002a94                GPIO_Write
                0x08002b40                GPIO_ToggleBits
                0x08002bf4                GPIO_PinAFConfig
 .text          0x08002d9c     0x4f5c build/stm32f4xx_tim.o
                0x08002d9c                TIM_DeInit
                0x08002fd8                TIM_TimeBaseInit
                0x08003198                TIM_TimeBaseStructInit
                0x080031ca                TIM_PrescalerConfig
                0x080032b8                TIM_CounterModeConfig
                0x08003368                TIM_SetCounter
                0x08003434                TIM_SetAutoreload
                0x08003500                TIM_GetCounter
                0x080035c8                TIM_GetPrescaler
                0x08003690                TIM_UpdateDisableConfig
                0x08003794                TIM_UpdateRequestConfig
                0x08003898                TIM_ARRPreloadConfig
                0x0800399c                TIM_SelectOnePulseMode
                0x08003a98                TIM_SetClockDivision
                0x08003b88                TIM_Cmd
                0x08003c8c                TIM_OC1Init
                0x08003ee8                TIM_OC2Init
                0x08004130                TIM_OC3Init
                0x0800435c                TIM_OC4Init
                0x080044fc                TIM_OCStructInit
                0x0800453e                TIM_SelectOCxM
                0x080046e8                TIM_SetCompare1
                0x0800479c                TIM_SetCompare2
                0x08004820                TIM_SetCompare3
                0x0800488c                TIM_SetCompare4
                0x080048f8                TIM_ForcedOC1Config
                0x080049dc                TIM_ForcedOC2Config
                0x08004a94                TIM_ForcedOC3Config
                0x08004b30                TIM_ForcedOC4Config
                0x08004bd0                TIM_OC1PreloadConfig
                0x08004cb4                TIM_OC2PreloadConfig
                0x08004d6c                TIM_OC3PreloadConfig
                0x08004e08                TIM_OC4PreloadConfig
                0x08004ea8                TIM_OC1FastConfig
                0x08004f8c                TIM_OC2FastConfig
                0x08005044                TIM_OC3FastConfig
                0x080050e0                TIM_OC4FastConfig
                0x08005180                TIM_ClearOC1Ref
                0x08005264                TIM_ClearOC2Ref
                0x0800531c                TIM_ClearOC3Ref
                0x080053b8                TIM_ClearOC4Ref
                0x08005458                TIM_OC1PolarityConfig
                0x0800553c                TIM_OC1NPolarityConfig
                0x080055ac                TIM_OC2PolarityConfig
                0x08005664                TIM_OC2NPolarityConfig
                0x080056d8                TIM_OC3PolarityConfig
                0x08005778                TIM_OC3NPolarityConfig
                0x080057ec                TIM_OC4PolarityConfig
                0x0800588c                TIM_CCxCmd
                0x080059b0                TIM_CCxNCmd
                0x08005a5c                TIM_ICInit
                0x08005cf4                TIM_ICStructInit
                0x08005d24                TIM_PWMIConfig
                0x08005e48                TIM_GetCapture1
                0x08005ef8                TIM_GetCapture2
                0x08005f78                TIM_GetCapture3
                0x08005fe0                TIM_GetCapture4
                0x08006048                TIM_SetIC1Prescaler
                0x08006138                TIM_SetIC2Prescaler
                0x080061fc                TIM_SetIC3Prescaler
                0x080062a4                TIM_SetIC4Prescaler
                0x08006350                TIM_BDTRConfig
                0x08006480                TIM_BDTRStructInit
                0x080064bc                TIM_CtrlPWMOutputs
                0x08006540                TIM_SelectCOM
                0x080065b8                TIM_CCPreloadControl
                0x08006630                TIM_ITConfig
                0x08006758                TIM_GenerateEvent
                0x08006840                TIM_GetFlagStatus
                0x08006980                TIM_ClearFlag
                0x08006a50                TIM_GetITStatus
                0x08006b8c                TIM_ClearITPendingBit
                0x08006c5c                TIM_DMAConfig
                0x08006df0                TIM_DMACmd
                0x08006ed0                TIM_SelectCCDMA
                0x08006f74                TIM_InternalClockConfig
                0x08007000                TIM_ITRxExternalClockConfig
                0x080070bc                TIM_TIxExternalClockConfig
                0x080071e0                TIM_ETRClockMode1Config
                0x080072e0                TIM_ETRClockMode2Config
                0x080073c0                TIM_SelectInputTrigger
                0x080074c8                TIM_SelectOutputTrigger
                0x080075a0                TIM_SelectSlaveMode
                0x08007660                TIM_SelectMasterSlaveMode
                0x08007714                TIM_ETRConfig
                0x08007808                TIM_EncoderInterfaceConfig
                0x0800795c                TIM_SelectHallSensor
                0x08007a18                TIM_RemapConfig
 *(.rodata)
 .rodata        0x08007cf8       0x73 build/stm32f4xx_rcc.o
 *fill*         0x08007d6b        0x1 
 .rodata        0x08007d6c       0x64 build/stm32f4xx_gpio.o
 .rodata        0x08007dd0       0x63 build/stm32f4xx_tim.o
                0x08007e34                        . = ALIGN (0x4)
 *fill*         0x08007e33        0x1 
                0x08007e34                        _sidata = LOADADDR (.data)

.glue_7         0x08007e34        0x0
 .glue_7        0x08007e34        0x0 linker stubs

.glue_7t        0x08007e34        0x0
 .glue_7t       0x08007e34        0x0 linker stubs

.vfp11_veneer   0x08007e34        0x0
 .vfp11_veneer  0x08007e34        0x0 linker stubs

.v4_bx          0x08007e34        0x0
 .v4_bx         0x08007e34        0x0 linker stubs

.iplt           0x08007e34        0x0
 .iplt          0x08007e34        0x0 build/main.o

.rel.dyn        0x08007e34        0x0
 .rel.iplt      0x08007e34        0x0 build/main.o

.data           0x20000000        0x0 load address 0x08007e34
                0x20000000                        . = ALIGN (0x4)
                0x20000000                        _sdata = .
 *(.data)
 .data          0x20000000        0x0 build/main.o
 .data          0x20000000        0x0 build/startup.o
 .data          0x20000000        0x0 build/systick.o
 .data          0x20000000        0x0 build/gpio.o
 .data          0x20000000        0x0 build/pwmTIM.o
 .data          0x20000000        0x0 build/pwmGPIO.o
 .data          0x20000000        0x0 build/stm32f4xx_rcc.o
 .data          0x20000000        0x0 build/stm32f4xx_gpio.o
 .data          0x20000000        0x0 build/stm32f4xx_tim.o
                0x20000000                        . = ALIGN (0x4)
                0x20000000                        _edata = .

.igot.plt       0x20000000        0x0 load address 0x08007e34
 .igot.plt      0x20000000        0x0 build/main.o

.bss            0x20000000        0x0 load address 0x08007e34
                0x20000000                        . = ALIGN (0x4)
                0x20000000                        _sbss = .
 *(.bss)
 .bss           0x20000000        0x0 build/main.o
 .bss           0x20000000        0x0 build/startup.o
 .bss           0x20000000        0x0 build/systick.o
 .bss           0x20000000        0x0 build/gpio.o
 .bss           0x20000000        0x0 build/pwmTIM.o
 .bss           0x20000000        0x0 build/pwmGPIO.o
 .bss           0x20000000        0x0 build/stm32f4xx_rcc.o
 .bss           0x20000000        0x0 build/stm32f4xx_gpio.o
 .bss           0x20000000        0x0 build/stm32f4xx_tim.o
                0x20000000                        . = ALIGN (0x4)
                0x20000000                        _ebss = .
OUTPUT(build/blinky.elf elf32-littlearm)
LOAD linker stubs

.comment        0x00000000       0x45
 .comment       0x00000000       0x45 build/main.o
                                 0x46 (size before relaxing)
 .comment       0x00000045        0x0 build/startup.o
                                 0x46 (size before relaxing)
 .comment       0x00000045        0x0 build/systick.o
                                 0x46 (size before relaxing)
 .comment       0x00000045        0x0 build/gpio.o
                                 0x46 (size before relaxing)
 .comment       0x00000045        0x0 build/pwmTIM.o
                                 0x46 (size before relaxing)
 .comment       0x00000045        0x0 build/pwmGPIO.o
                                 0x46 (size before relaxing)
 .comment       0x00000045        0x0 build/stm32f4xx_rcc.o
                                 0x46 (size before relaxing)
 .comment       0x00000045        0x0 build/stm32f4xx_gpio.o
                                 0x46 (size before relaxing)
 .comment       0x00000045        0x0 build/stm32f4xx_tim.o
                                 0x46 (size before relaxing)

.ARM.attributes
                0x00000000       0x2e
 .ARM.attributes
                0x00000000       0x2e build/main.o
 .ARM.attributes
                0x0000002e       0x2e build/startup.o
 .ARM.attributes
                0x0000005c       0x2e build/systick.o
 .ARM.attributes
                0x0000008a       0x2e build/gpio.o
 .ARM.attributes
                0x000000b8       0x2e build/pwmTIM.o
 .ARM.attributes
                0x000000e6       0x2e build/pwmGPIO.o
 .ARM.attributes
                0x00000114       0x2e build/stm32f4xx_rcc.o
 .ARM.attributes
                0x00000142       0x2e build/stm32f4xx_gpio.o
 .ARM.attributes
                0x00000170       0x2e build/stm32f4xx_tim.o
