
There are no discarded input sections

Memory Configuration

Name             Origin             Length             Attributes
FLASH            0x08000000         0x00080000         xr
RAM              0x20000000         0x0001c000         xrw
*default*        0x00000000         0xffffffff

Linker script and memory map

LOAD main.o
LOAD startup.o

.vector_table   0x08000000      0x1c4
                0x08000000                        . = ALIGN (0x4)
 *(.vector_table)
 .vector_table  0x08000000      0x1c4 startup.o
                0x08000000                __vector_table
                0x080001c4                        . = ALIGN (0x4)

.text           0x080001c4      0x128
                0x080001c4                        . = ALIGN (0x4)
 *(.text)
 .text          0x080001c4       0x9c main.o
                0x080001c4                main
                0x0800020c                rccInit
                0x08000238                moderInit
 .text          0x08000260       0x8c startup.o
                0x08000260                reset_handler
                0x080002e4                EXTI15_10_handler
                0x080002e4                DMA1_Stream7_handler
                0x080002e4                USART1_handler
                0x080002e4                TIM1_UP_TIM10_handler
                0x080002e4                OTG_HS_handler
                0x080002e4                pend_SV_handler
                0x080002e4                EXTI0_handler
                0x080002e4                DMA1_Stream1_handler
                0x080002e4                TIM8_BRK_TIM12_handler
                0x080002e4                TIM6_DAC_handler
                0x080002e4                CAN1_RX1_handler
                0x080002e4                SDIO_handler
                0x080002e4                NMI_handler
                0x080002e4                DMA2_Stream3_handler
                0x080002e4                FMPI2C1_handler
                0x080002e4                TIM8_TRG_COM_TIM14_handler
                0x080002e4                OTG_HS_WKUP_handler
                0x080002e4                TIM2_handler
                0x080002e4                USART2_handler
                0x080002e4                usage_fault_handler
                0x080002e4                OTG_HS_EP1_IN_handler
                0x080002e4                SPI3_handler
                0x080002e4                TIM3_handler
                0x080002e4                SAI2_handler
                0x080002e4                WWDG_handler
                0x080002e4                default_handler
                0x080002e4                SPI2_handler
                0x080002e4                DMA2_Stream6_handler
                0x080002e4                SAI1_handler
                0x080002e4                UART4_handler
                0x080002e4                TIM8_UP_TIM13_handler
                0x080002e4                I2C3_ER_handler
                0x080002e4                DMA1_Stream3_handler
                0x080002e4                PVD_handler
                0x080002e4                EXTI9_5_handler
                0x080002e4                SPI4_handler
                0x080002e4                RTC_WKUP_handler
                0x080002e4                SPDIF_RX_handler
                0x080002e4                DMA1_Stream5_handler
                0x080002e4                FPU_handler
                0x080002e4                DMA2_Stream5_handler
                0x080002e4                UART5_handler
                0x080002e4                HDMI_CEC_handler
                0x080002e4                hard_fault_handler
                0x080002e4                RCC_handler
                0x080002e4                TIM8_CC_handler
                0x080002e4                FMPI2C1_error_handler
                0x080002e4                EXTI2_handler
                0x080002e4                SVC_handler
                0x080002e4                DMA2_Stream1_handler
                0x080002e4                TIM7_handler
                0x080002e4                I2C1_ER_handler
                0x080002e4                I2C2_EV_handler
                0x080002e4                OTG_FS_WKUP_handler
                0x080002e4                DCMI_handler
                0x080002e4                debug_monitor_handler
                0x080002e4                EXTI3_handler
                0x080002e4                DMA2_Stream0_handler
                0x080002e4                FLASH_handler
                0x080002e4                OTG_HS_EP1_OUT_handler
                0x080002e4                OTG_FS_handler
                0x080002e4                DMA1_Stream4_handler
                0x080002e4                I2C2_ER_handler
                0x080002e4                sys_tick_handler
                0x080002e4                TAMP_STAMP_handler
                0x080002e4                USART6_handler
                0x080002e4                TIM4_handler
                0x080002e4                DMA1_Stream2_handler
                0x080002e4                EXTI4_handler
                0x080002e4                CAN1_TX_handler
                0x080002e4                mem_manage_handler
                0x080002e4                CAN2_RX0_handler
                0x080002e4                DMA1_Stream6_handler
                0x080002e4                CAN2_TX_handler
                0x080002e4                CAN2_SCE_handler
                0x080002e4                ADC_handler
                0x080002e4                I2C1_EV_handler
                0x080002e4                CAN1_RX0_handler
                0x080002e4                TMI1_BRK_TIM9_handler
                0x080002e4                SPI1_handler
                0x080002e4                DMA2_Stream4_handler
                0x080002e4                FMC_handler
                0x080002e4                DMA2_Stream7_handler
                0x080002e4                QuadSPI_handler
                0x080002e4                DMA1_Stream0_handler
                0x080002e4                DMA2_Stream2_handler
                0x080002e4                EXTI1_handler
                0x080002e4                TIM1_TRG_COM_TIM11_handler
                0x080002e4                TIM5_handler
                0x080002e4                CAN1_SCE_handler
                0x080002e4                RTC_alarm_handler
                0x080002e4                I2C3_EV_handler
                0x080002e4                bus_fault_handler
                0x080002e4                CAN2_RX1_handler
                0x080002e4                TIM1_CC_handler
                0x080002e4                USART3_handler
 *(.rodata)
                0x080002ec                        . = ALIGN (0x4)
                0x080002ec                        _sidata = LOADADDR (.data)

.glue_7         0x080002ec        0x0
 .glue_7        0x080002ec        0x0 linker stubs

.glue_7t        0x080002ec        0x0
 .glue_7t       0x080002ec        0x0 linker stubs

.vfp11_veneer   0x080002ec        0x0
 .vfp11_veneer  0x080002ec        0x0 linker stubs

.v4_bx          0x080002ec        0x0
 .v4_bx         0x080002ec        0x0 linker stubs

.iplt           0x080002ec        0x0
 .iplt          0x080002ec        0x0 main.o

.rel.dyn        0x080002ec        0x0
 .rel.iplt      0x080002ec        0x0 main.o

.data           0x20000000        0x0 load address 0x080002ec
                0x20000000                        . = ALIGN (0x4)
                0x20000000                        _sdata = .
 *(.data)
 .data          0x20000000        0x0 main.o
 .data          0x20000000        0x0 startup.o
                0x20000000                        . = ALIGN (0x4)
                0x20000000                        _edata = .

.igot.plt       0x20000000        0x0 load address 0x080002ec
 .igot.plt      0x20000000        0x0 main.o

.bss            0x20000000        0x4 load address 0x080002ec
                0x20000000                        . = ALIGN (0x4)
                0x20000000                        _sbss = .
 *(.bss)
 .bss           0x20000000        0x4 main.o
                0x20000000                led
 .bss           0x20000004        0x0 startup.o
                0x20000004                        . = ALIGN (0x4)
                0x20000004                        _ebss = .
OUTPUT(blinky.elf elf32-littlearm)
LOAD linker stubs

.comment        0x00000000       0x45
 .comment       0x00000000       0x45 main.o
                                 0x46 (size before relaxing)
 .comment       0x00000045        0x0 startup.o
                                 0x46 (size before relaxing)

.ARM.attributes
                0x00000000       0x2e
 .ARM.attributes
                0x00000000       0x2e main.o
 .ARM.attributes
                0x0000002e       0x2e startup.o
