
There are no discarded input sections

Memory Configuration

Name             Origin             Length             Attributes
FLASH            0x08000000         0x00080000         xr
RAM              0x20000000         0x0001c000         xrw
*default*        0x00000000         0xffffffff

Linker script and memory map

LOAD build/main.o
LOAD build/startup.o
LOAD build/systick.o
LOAD build/gpio.o
LOAD build/pwmTIM.o
LOAD build/pwmGPIO.o
LOAD build/stm32f4xx_rcc.o
LOAD build/stm32f4xx_gpio.o
LOAD build/stm32f4xx_tim.o

.vector_table   0x08000000      0x1c4
                0x08000000                        . = ALIGN (0x4)
 *(.vector_table)
 .vector_table  0x08000000      0x1c4 build/startup.o
                0x08000000                __vector_table
                0x080001c4                        . = ALIGN (0x4)

.text           0x080001c4     0x7c04
                0x080001c4                        . = ALIGN (0x4)
 *(.text)
 .text          0x080001c4       0x24 build/main.o
                0x080001c4                main
                0x080001dc                assert_failed
 .text          0x080001e8       0x8c build/startup.o
                0x080001e8                reset_handler
                0x0800026c                EXTI15_10_handler
                0x0800026c                DMA1_Stream7_handler
                0x0800026c                USART1_handler
                0x0800026c                TIM1_UP_TIM10_handler
                0x0800026c                OTG_HS_handler
                0x0800026c                pend_SV_handler
                0x0800026c                EXTI0_handler
                0x0800026c                DMA1_Stream1_handler
                0x0800026c                TIM8_BRK_TIM12_handler
                0x0800026c                TIM6_DAC_handler
                0x0800026c                CAN1_RX1_handler
                0x0800026c                SDIO_handler
                0x0800026c                NMI_handler
                0x0800026c                DMA2_Stream3_handler
                0x0800026c                FMPI2C1_handler
                0x0800026c                TIM8_TRG_COM_TIM14_handler
                0x0800026c                OTG_HS_WKUP_handler
                0x0800026c                TIM2_handler
                0x0800026c                USART2_handler
                0x0800026c                usage_fault_handler
                0x0800026c                OTG_HS_EP1_IN_handler
                0x0800026c                SPI3_handler
                0x0800026c                TIM3_handler
                0x0800026c                SAI2_handler
                0x0800026c                WWDG_handler
                0x0800026c                default_handler
                0x0800026c                SPI2_handler
                0x0800026c                DMA2_Stream6_handler
                0x0800026c                SAI1_handler
                0x0800026c                UART4_handler
                0x0800026c                TIM8_UP_TIM13_handler
                0x0800026c                I2C3_ER_handler
                0x0800026c                DMA1_Stream3_handler
                0x0800026c                PVD_handler
                0x0800026c                EXTI9_5_handler
                0x0800026c                SPI4_handler
                0x0800026c                RTC_WKUP_handler
                0x0800026c                SPDIF_RX_handler
                0x0800026c                DMA1_Stream5_handler
                0x0800026c                FPU_handler
                0x0800026c                DMA2_Stream5_handler
                0x0800026c                UART5_handler
                0x0800026c                HDMI_CEC_handler
                0x0800026c                hard_fault_handler
                0x0800026c                RCC_handler
                0x0800026c                TIM8_CC_handler
                0x0800026c                FMPI2C1_error_handler
                0x0800026c                EXTI2_handler
                0x0800026c                SVC_handler
                0x0800026c                DMA2_Stream1_handler
                0x0800026c                TIM7_handler
                0x0800026c                I2C1_ER_handler
                0x0800026c                I2C2_EV_handler
                0x0800026c                OTG_FS_WKUP_handler
                0x0800026c                DCMI_handler
                0x0800026c                debug_monitor_handler
                0x0800026c                EXTI3_handler
                0x0800026c                DMA2_Stream0_handler
                0x0800026c                FLASH_handler
                0x0800026c                OTG_HS_EP1_OUT_handler
                0x0800026c                OTG_FS_handler
                0x0800026c                DMA1_Stream4_handler
                0x0800026c                I2C2_ER_handler
                0x0800026c                sys_tick_handler
                0x0800026c                TAMP_STAMP_handler
                0x0800026c                USART6_handler
                0x0800026c                TIM4_handler
                0x0800026c                DMA1_Stream2_handler
                0x0800026c                EXTI4_handler
                0x0800026c                CAN1_TX_handler
                0x0800026c                mem_manage_handler
                0x0800026c                CAN2_RX0_handler
                0x0800026c                DMA1_Stream6_handler
                0x0800026c                CAN2_TX_handler
                0x0800026c                CAN2_SCE_handler
                0x0800026c                ADC_handler
                0x0800026c                I2C1_EV_handler
                0x0800026c                CAN1_RX0_handler
                0x0800026c                TMI1_BRK_TIM9_handler
                0x0800026c                SPI1_handler
                0x0800026c                DMA2_Stream4_handler
                0x0800026c                FMC_handler
                0x0800026c                DMA2_Stream7_handler
                0x0800026c                QuadSPI_handler
                0x0800026c                DMA1_Stream0_handler
                0x0800026c                DMA2_Stream2_handler
                0x0800026c                EXTI1_handler
                0x0800026c                TIM1_TRG_COM_TIM11_handler
                0x0800026c                TIM5_handler
                0x0800026c                CAN1_SCE_handler
                0x0800026c                RTC_alarm_handler
                0x0800026c                I2C3_EV_handler
                0x0800026c                bus_fault_handler
                0x0800026c                CAN2_RX1_handler
                0x0800026c                TIM1_CC_handler
                0x0800026c                USART3_handler
 .text          0x08000274       0x60 build/systick.o
                0x08000274                systickMsDelay
 .text          0x080002d4       0xa0 build/gpio.o
                0x080002d4                rccInit
                0x08000300                moderInit
                0x08000328                ledInit
                0x08000338                ledToggle
                0x08000354                ledRead
 .text          0x08000374       0xc8 build/pwmTIM.o
                0x08000374                tim_setupEZ
                0x08000408                timSetDutyCycle
 .text          0x0800043c       0x38 build/pwmGPIO.o
                0x0800043c                pwm_setupEZ
 .text          0x08000474     0x19fc build/stm32f4xx_rcc.o
                0x08000474                RCC_DeInit
                0x080004e4                RCC_HSEConfig
                0x08000528                RCC_WaitForHSEStartUp
                0x08000578                RCC_AdjustHSICalibrationValue
                0x080005c4                RCC_HSICmd
                0x080005fc                RCC_LSEConfig
                0x0800065c                RCC_LSICmd
                0x08000694                RCC_PLLConfig
                0x08000768                RCC_PLLCmd
                0x080007a0                RCC_PLLI2SConfig
                0x08000860                RCC_PLLI2SCmd
                0x08000898                RCC_PLLSAIConfig
                0x08000934                RCC_PLLSAICmd
                0x0800096c                RCC_ClockSecuritySystemCmd
                0x080009a4                RCC_MCO1Config
                0x08000a3c                RCC_MCO2Config
                0x08000ad4                RCC_SYSCLKConfig
                0x08000b30                RCC_GetSYSCLKSource
                0x08000b4c                RCC_HCLKConfig
                0x08000bc4                RCC_PCLK1Config
                0x08000c2c                RCC_PCLK2Config
                0x08000c98                RCC_GetClocksFreq
                0x08000e70                RCC_RTCCLKConfig
                0x08001050                RCC_RTCCLKCmd
                0x08001088                RCC_BackupResetCmd
                0x080010c0                RCC_I2SCLKConfig
                0x08001164                RCC_SAICLKConfig
                0x08001208                RCC_SAIPLLI2SClkDivConfig
                0x0800125c                RCC_SAIPLLSAIClkDivConfig
                0x080012b4                RCC_LTDCCLKDivConfig
                0x08001318                RCC_TIMCLKPresConfig
                0x0800134c                RCC_AHB1PeriphClockCmd
                0x080013c0                RCC_AHB2PeriphClockCmd
                0x08001430                RCC_AHB3PeriphClockCmd
                0x0800149c                RCC_APB1PeriphClockCmd
                0x0800150c                RCC_APB2PeriphClockCmd
                0x08001580                RCC_AHB1PeriphResetCmd
                0x080015f4                RCC_AHB2PeriphResetCmd
                0x08001664                RCC_AHB3PeriphResetCmd
                0x080016d0                RCC_APB1PeriphResetCmd
                0x08001740                RCC_APB2PeriphResetCmd
                0x080017b4                RCC_AHB1PeriphClockLPModeCmd
                0x08001828                RCC_AHB2PeriphClockLPModeCmd
                0x08001898                RCC_AHB3PeriphClockLPModeCmd
                0x08001904                RCC_APB1PeriphClockLPModeCmd
                0x08001974                RCC_APB2PeriphClockLPModeCmd
                0x080019e8                RCC_LSEModeConfig
                0x08001a38                RCC_48MHzClockSourceConfig
                0x08001a90                RCC_SDIOClockSourceConfig
                0x08001ae8                RCC_AHB1ClockGatingCmd
                0x08001b5c                RCC_SPDIFRXClockSourceConfig
                0x08001bb4                RCC_CECClockSourceConfig
                0x08001c0c                RCC_FMPI2C1ClockSourceConfig
                0x08001c64                RCC_ITConfig
                0x08001ce0                RCC_GetFlagStatus
                0x08001db4                RCC_ClearFlag
                0x08001dd0                RCC_GetITStatus
                0x08001e40                RCC_ClearITPendingBit
 .text          0x08001e70      0xec0 build/stm32f4xx_gpio.o
                0x08001e70                GPIO_DeInit
                0x08002038                GPIO_Init
                0x08002280                GPIO_StructInit
                0x080022b2                GPIO_PinLockConfig
                0x08002394                GPIO_ReadInputDataBit
                0x080024d0                GPIO_ReadInputData
                0x08002578                GPIO_ReadOutputDataBit
                0x080026b4                GPIO_ReadOutputData
                0x0800275c                GPIO_SetBits
                0x08002818                GPIO_ResetBits
                0x080028d8                GPIO_WriteBit
                0x08002a28                GPIO_Write
                0x08002ad4                GPIO_ToggleBits
                0x08002b88                GPIO_PinAFConfig
 .text          0x08002d30     0x4f5c build/stm32f4xx_tim.o
                0x08002d30                TIM_DeInit
                0x08002f6c                TIM_TimeBaseInit
                0x0800312c                TIM_TimeBaseStructInit
                0x0800315e                TIM_PrescalerConfig
                0x0800324c                TIM_CounterModeConfig
                0x080032fc                TIM_SetCounter
                0x080033c8                TIM_SetAutoreload
                0x08003494                TIM_GetCounter
                0x0800355c                TIM_GetPrescaler
                0x08003624                TIM_UpdateDisableConfig
                0x08003728                TIM_UpdateRequestConfig
                0x0800382c                TIM_ARRPreloadConfig
                0x08003930                TIM_SelectOnePulseMode
                0x08003a2c                TIM_SetClockDivision
                0x08003b1c                TIM_Cmd
                0x08003c20                TIM_OC1Init
                0x08003e7c                TIM_OC2Init
                0x080040c4                TIM_OC3Init
                0x080042f0                TIM_OC4Init
                0x08004490                TIM_OCStructInit
                0x080044d2                TIM_SelectOCxM
                0x0800467c                TIM_SetCompare1
                0x08004730                TIM_SetCompare2
                0x080047b4                TIM_SetCompare3
                0x08004820                TIM_SetCompare4
                0x0800488c                TIM_ForcedOC1Config
                0x08004970                TIM_ForcedOC2Config
                0x08004a28                TIM_ForcedOC3Config
                0x08004ac4                TIM_ForcedOC4Config
                0x08004b64                TIM_OC1PreloadConfig
                0x08004c48                TIM_OC2PreloadConfig
                0x08004d00                TIM_OC3PreloadConfig
                0x08004d9c                TIM_OC4PreloadConfig
                0x08004e3c                TIM_OC1FastConfig
                0x08004f20                TIM_OC2FastConfig
                0x08004fd8                TIM_OC3FastConfig
                0x08005074                TIM_OC4FastConfig
                0x08005114                TIM_ClearOC1Ref
                0x080051f8                TIM_ClearOC2Ref
                0x080052b0                TIM_ClearOC3Ref
                0x0800534c                TIM_ClearOC4Ref
                0x080053ec                TIM_OC1PolarityConfig
                0x080054d0                TIM_OC1NPolarityConfig
                0x08005540                TIM_OC2PolarityConfig
                0x080055f8                TIM_OC2NPolarityConfig
                0x0800566c                TIM_OC3PolarityConfig
                0x0800570c                TIM_OC3NPolarityConfig
                0x08005780                TIM_OC4PolarityConfig
                0x08005820                TIM_CCxCmd
                0x08005944                TIM_CCxNCmd
                0x080059f0                TIM_ICInit
                0x08005c88                TIM_ICStructInit
                0x08005cb8                TIM_PWMIConfig
                0x08005ddc                TIM_GetCapture1
                0x08005e8c                TIM_GetCapture2
                0x08005f0c                TIM_GetCapture3
                0x08005f74                TIM_GetCapture4
                0x08005fdc                TIM_SetIC1Prescaler
                0x080060cc                TIM_SetIC2Prescaler
                0x08006190                TIM_SetIC3Prescaler
                0x08006238                TIM_SetIC4Prescaler
                0x080062e4                TIM_BDTRConfig
                0x08006414                TIM_BDTRStructInit
                0x08006450                TIM_CtrlPWMOutputs
                0x080064d4                TIM_SelectCOM
                0x0800654c                TIM_CCPreloadControl
                0x080065c4                TIM_ITConfig
                0x080066ec                TIM_GenerateEvent
                0x080067d4                TIM_GetFlagStatus
                0x08006914                TIM_ClearFlag
                0x080069e4                TIM_GetITStatus
                0x08006b20                TIM_ClearITPendingBit
                0x08006bf0                TIM_DMAConfig
                0x08006d84                TIM_DMACmd
                0x08006e64                TIM_SelectCCDMA
                0x08006f08                TIM_InternalClockConfig
                0x08006f94                TIM_ITRxExternalClockConfig
                0x08007050                TIM_TIxExternalClockConfig
                0x08007174                TIM_ETRClockMode1Config
                0x08007274                TIM_ETRClockMode2Config
                0x08007354                TIM_SelectInputTrigger
                0x0800745c                TIM_SelectOutputTrigger
                0x08007534                TIM_SelectSlaveMode
                0x080075f4                TIM_SelectMasterSlaveMode
                0x080076a8                TIM_ETRConfig
                0x0800779c                TIM_EncoderInterfaceConfig
                0x080078f0                TIM_SelectHallSensor
                0x080079ac                TIM_RemapConfig
 *(.rodata)
 .rodata        0x08007c8c       0x73 build/stm32f4xx_rcc.o
 *fill*         0x08007cff        0x1 
 .rodata        0x08007d00       0x64 build/stm32f4xx_gpio.o
 .rodata        0x08007d64       0x63 build/stm32f4xx_tim.o
                0x08007dc8                        . = ALIGN (0x4)
 *fill*         0x08007dc7        0x1 
                0x08007dc8                        _sidata = LOADADDR (.data)

.glue_7         0x08007dc8        0x0
 .glue_7        0x08007dc8        0x0 linker stubs

.glue_7t        0x08007dc8        0x0
 .glue_7t       0x08007dc8        0x0 linker stubs

.vfp11_veneer   0x08007dc8        0x0
 .vfp11_veneer  0x08007dc8        0x0 linker stubs

.v4_bx          0x08007dc8        0x0
 .v4_bx         0x08007dc8        0x0 linker stubs

.iplt           0x08007dc8        0x0
 .iplt          0x08007dc8        0x0 build/main.o

.rel.dyn        0x08007dc8        0x0
 .rel.iplt      0x08007dc8        0x0 build/main.o

.data           0x20000000        0x0 load address 0x08007dc8
                0x20000000                        . = ALIGN (0x4)
                0x20000000                        _sdata = .
 *(.data)
 .data          0x20000000        0x0 build/main.o
 .data          0x20000000        0x0 build/startup.o
 .data          0x20000000        0x0 build/systick.o
 .data          0x20000000        0x0 build/gpio.o
 .data          0x20000000        0x0 build/pwmTIM.o
 .data          0x20000000        0x0 build/pwmGPIO.o
 .data          0x20000000        0x0 build/stm32f4xx_rcc.o
 .data          0x20000000        0x0 build/stm32f4xx_gpio.o
 .data          0x20000000        0x0 build/stm32f4xx_tim.o
                0x20000000                        . = ALIGN (0x4)
                0x20000000                        _edata = .

.igot.plt       0x20000000        0x0 load address 0x08007dc8
 .igot.plt      0x20000000        0x0 build/main.o

.bss            0x20000000        0x0 load address 0x08007dc8
                0x20000000                        . = ALIGN (0x4)
                0x20000000                        _sbss = .
 *(.bss)
 .bss           0x20000000        0x0 build/main.o
 .bss           0x20000000        0x0 build/startup.o
 .bss           0x20000000        0x0 build/systick.o
 .bss           0x20000000        0x0 build/gpio.o
 .bss           0x20000000        0x0 build/pwmTIM.o
 .bss           0x20000000        0x0 build/pwmGPIO.o
 .bss           0x20000000        0x0 build/stm32f4xx_rcc.o
 .bss           0x20000000        0x0 build/stm32f4xx_gpio.o
 .bss           0x20000000        0x0 build/stm32f4xx_tim.o
                0x20000000                        . = ALIGN (0x4)
                0x20000000                        _ebss = .
OUTPUT(build/blinky.elf elf32-littlearm)
LOAD linker stubs

.comment        0x00000000       0x45
 .comment       0x00000000       0x45 build/main.o
                                 0x46 (size before relaxing)
 .comment       0x00000045        0x0 build/startup.o
                                 0x46 (size before relaxing)
 .comment       0x00000045        0x0 build/systick.o
                                 0x46 (size before relaxing)
 .comment       0x00000045        0x0 build/gpio.o
                                 0x46 (size before relaxing)
 .comment       0x00000045        0x0 build/pwmTIM.o
                                 0x46 (size before relaxing)
 .comment       0x00000045        0x0 build/pwmGPIO.o
                                 0x46 (size before relaxing)
 .comment       0x00000045        0x0 build/stm32f4xx_rcc.o
                                 0x46 (size before relaxing)
 .comment       0x00000045        0x0 build/stm32f4xx_gpio.o
                                 0x46 (size before relaxing)
 .comment       0x00000045        0x0 build/stm32f4xx_tim.o
                                 0x46 (size before relaxing)

.ARM.attributes
                0x00000000       0x2e
 .ARM.attributes
                0x00000000       0x2e build/main.o
 .ARM.attributes
                0x0000002e       0x2e build/startup.o
 .ARM.attributes
                0x0000005c       0x2e build/systick.o
 .ARM.attributes
                0x0000008a       0x2e build/gpio.o
 .ARM.attributes
                0x000000b8       0x2e build/pwmTIM.o
 .ARM.attributes
                0x000000e6       0x2e build/pwmGPIO.o
 .ARM.attributes
                0x00000114       0x2e build/stm32f4xx_rcc.o
 .ARM.attributes
                0x00000142       0x2e build/stm32f4xx_gpio.o
 .ARM.attributes
                0x00000170       0x2e build/stm32f4xx_tim.o
