
There are no discarded input sections

Memory Configuration

Name             Origin             Length             Attributes
FLASH            0x08000000         0x00080000         xr
RAM              0x20000000         0x0001c000         xrw
*default*        0x00000000         0xffffffff

Linker script and memory map

LOAD build/main.o
LOAD build/startup.o
LOAD build/systick.o
LOAD build/gpio.o
LOAD build/tim.o

.vector_table   0x08000000      0x1c4
                0x08000000                        . = ALIGN (0x4)
 *(.vector_table)
 .vector_table  0x08000000      0x1c4 build/startup.o
                0x08000000                __vector_table
                0x080001c4                        . = ALIGN (0x4)

.text           0x080001c4      0x258
                0x080001c4                        . = ALIGN (0x4)
 *(.text)
 .text          0x080001c4       0x28 build/main.o
                0x080001c4                main
 .text          0x080001ec       0x8c build/startup.o
                0x080001ec                reset_handler
                0x08000270                EXTI15_10_handler
                0x08000270                DMA1_Stream7_handler
                0x08000270                USART1_handler
                0x08000270                TIM1_UP_TIM10_handler
                0x08000270                OTG_HS_handler
                0x08000270                pend_SV_handler
                0x08000270                EXTI0_handler
                0x08000270                DMA1_Stream1_handler
                0x08000270                TIM8_BRK_TIM12_handler
                0x08000270                TIM6_DAC_handler
                0x08000270                CAN1_RX1_handler
                0x08000270                SDIO_handler
                0x08000270                NMI_handler
                0x08000270                DMA2_Stream3_handler
                0x08000270                FMPI2C1_handler
                0x08000270                TIM8_TRG_COM_TIM14_handler
                0x08000270                OTG_HS_WKUP_handler
                0x08000270                TIM2_handler
                0x08000270                USART2_handler
                0x08000270                usage_fault_handler
                0x08000270                OTG_HS_EP1_IN_handler
                0x08000270                SPI3_handler
                0x08000270                TIM3_handler
                0x08000270                SAI2_handler
                0x08000270                WWDG_handler
                0x08000270                default_handler
                0x08000270                SPI2_handler
                0x08000270                DMA2_Stream6_handler
                0x08000270                SAI1_handler
                0x08000270                UART4_handler
                0x08000270                TIM8_UP_TIM13_handler
                0x08000270                I2C3_ER_handler
                0x08000270                DMA1_Stream3_handler
                0x08000270                PVD_handler
                0x08000270                EXTI9_5_handler
                0x08000270                SPI4_handler
                0x08000270                RTC_WKUP_handler
                0x08000270                SPDIF_RX_handler
                0x08000270                DMA1_Stream5_handler
                0x08000270                FPU_handler
                0x08000270                DMA2_Stream5_handler
                0x08000270                UART5_handler
                0x08000270                HDMI_CEC_handler
                0x08000270                hard_fault_handler
                0x08000270                RCC_handler
                0x08000270                TIM8_CC_handler
                0x08000270                FMPI2C1_error_handler
                0x08000270                EXTI2_handler
                0x08000270                SVC_handler
                0x08000270                DMA2_Stream1_handler
                0x08000270                TIM7_handler
                0x08000270                I2C1_ER_handler
                0x08000270                I2C2_EV_handler
                0x08000270                OTG_FS_WKUP_handler
                0x08000270                DCMI_handler
                0x08000270                debug_monitor_handler
                0x08000270                EXTI3_handler
                0x08000270                DMA2_Stream0_handler
                0x08000270                FLASH_handler
                0x08000270                OTG_HS_EP1_OUT_handler
                0x08000270                OTG_FS_handler
                0x08000270                DMA1_Stream4_handler
                0x08000270                I2C2_ER_handler
                0x08000270                sys_tick_handler
                0x08000270                TAMP_STAMP_handler
                0x08000270                USART6_handler
                0x08000270                TIM4_handler
                0x08000270                DMA1_Stream2_handler
                0x08000270                EXTI4_handler
                0x08000270                CAN1_TX_handler
                0x08000270                mem_manage_handler
                0x08000270                CAN2_RX0_handler
                0x08000270                DMA1_Stream6_handler
                0x08000270                CAN2_TX_handler
                0x08000270                CAN2_SCE_handler
                0x08000270                ADC_handler
                0x08000270                I2C1_EV_handler
                0x08000270                CAN1_RX0_handler
                0x08000270                TMI1_BRK_TIM9_handler
                0x08000270                SPI1_handler
                0x08000270                DMA2_Stream4_handler
                0x08000270                FMC_handler
                0x08000270                DMA2_Stream7_handler
                0x08000270                QuadSPI_handler
                0x08000270                DMA1_Stream0_handler
                0x08000270                DMA2_Stream2_handler
                0x08000270                EXTI1_handler
                0x08000270                TIM1_TRG_COM_TIM11_handler
                0x08000270                TIM5_handler
                0x08000270                CAN1_SCE_handler
                0x08000270                RTC_alarm_handler
                0x08000270                I2C3_EV_handler
                0x08000270                bus_fault_handler
                0x08000270                CAN2_RX1_handler
                0x08000270                TIM1_CC_handler
                0x08000270                USART3_handler
 .text          0x08000278       0x60 build/systick.o
                0x08000278                systickMsDelay
 .text          0x080002d8       0xa0 build/gpio.o
                0x080002d8                rccInit
                0x08000304                moderInit
                0x0800032c                ledInit
                0x0800033c                ledToggle
                0x08000358                ledRead
 .text          0x08000378       0xa4 build/tim.o
                0x08000378                timInit
                0x080003c0                timStartSecond
 *(.rodata)
                0x0800041c                        . = ALIGN (0x4)
                0x0800041c                        _sidata = LOADADDR (.data)

.glue_7         0x0800041c        0x0
 .glue_7        0x0800041c        0x0 linker stubs

.glue_7t        0x0800041c        0x0
 .glue_7t       0x0800041c        0x0 linker stubs

.vfp11_veneer   0x0800041c        0x0
 .vfp11_veneer  0x0800041c        0x0 linker stubs

.v4_bx          0x0800041c        0x0
 .v4_bx         0x0800041c        0x0 linker stubs

.iplt           0x0800041c        0x0
 .iplt          0x0800041c        0x0 build/main.o

.rel.dyn        0x0800041c        0x0
 .rel.iplt      0x0800041c        0x0 build/main.o

.data           0x20000000        0x4 load address 0x0800041c
                0x20000000                        . = ALIGN (0x4)
                0x20000000                        _sdata = .
 *(.data)
 .data          0x20000000        0x1 build/main.o
                0x20000000                led_signal
 .data          0x20000001        0x0 build/startup.o
 .data          0x20000001        0x0 build/systick.o
 .data          0x20000001        0x0 build/gpio.o
 .data          0x20000001        0x0 build/tim.o
                0x20000004                        . = ALIGN (0x4)
 *fill*         0x20000001        0x3 
                0x20000004                        _edata = .

.igot.plt       0x20000004        0x0 load address 0x08000420
 .igot.plt      0x20000004        0x0 build/main.o

.bss            0x20000004        0x0 load address 0x08000420
                0x20000004                        . = ALIGN (0x4)
                0x20000004                        _sbss = .
 *(.bss)
 .bss           0x20000004        0x0 build/main.o
 .bss           0x20000004        0x0 build/startup.o
 .bss           0x20000004        0x0 build/systick.o
 .bss           0x20000004        0x0 build/gpio.o
 .bss           0x20000004        0x0 build/tim.o
                0x20000004                        . = ALIGN (0x4)
                0x20000004                        _ebss = .
OUTPUT(build/blinky.elf elf32-littlearm)
LOAD linker stubs

.comment        0x00000000       0x45
 .comment       0x00000000       0x45 build/main.o
                                 0x46 (size before relaxing)
 .comment       0x00000045        0x0 build/startup.o
                                 0x46 (size before relaxing)
 .comment       0x00000045        0x0 build/systick.o
                                 0x46 (size before relaxing)
 .comment       0x00000045        0x0 build/gpio.o
                                 0x46 (size before relaxing)
 .comment       0x00000045        0x0 build/tim.o
                                 0x46 (size before relaxing)

.ARM.attributes
                0x00000000       0x2e
 .ARM.attributes
                0x00000000       0x2e build/main.o
 .ARM.attributes
                0x0000002e       0x2e build/startup.o
 .ARM.attributes
                0x0000005c       0x2e build/systick.o
 .ARM.attributes
                0x0000008a       0x2e build/gpio.o
 .ARM.attributes
                0x000000b8       0x2e build/tim.o
